// Jest Snapshot v1, https://goo.gl/fbAQLP

exports[`BlogPostList component should render 1`] = `
.emotion-1 {
  margin: 8px 0;
}

.emotion-0 {
  color: var(--links-color);
  display: inline-block;
  -webkit-text-decoration: none;
  text-decoration: none;
  width: 100%;
  margin: 4px 0;
  outline: none;
}

.emotion-0 h2 {
  display: inline;
}

.emotion-0:active:active::before {
  content: "";
}

.emotion-0:focus {
  color: var(--links-focus-color);
}

.emotion-0:hover {
  -webkit-text-decoration: underline;
  text-decoration: underline;
}

.emotion-0:focus::before {
  content: "â–¶ ";
  vertical-align: text-top;
}

<div>
  <div
    class="emotion-1"
  >
    <a
      class="emotion-0"
      href="/hello-world"
    >
      <h2>
        Hello World!
      </h2>
    </a>
  </div>
</div>
`;
